[0m09:52:57.507411 [debug] [MainThread]: Sending event: {'category': 'dbt', 'action': 'invocation', 'label': 'start', 'context': [<snowplow_tracker.self_describing_json.SelfDescribingJson object at 0x000001994D3583A0>, <snowplow_tracker.self_describing_json.SelfDescribingJson object at 0x000001994EFAE550>, <snowplow_tracker.self_describing_json.SelfDescribingJson object at 0x000001994EC506A0>]}


============================== 09:52:57.513894 | 4d1f8e8c-043f-40bd-8974-39e9497b589f ==============================
[0m09:52:57.513894 [info ] [MainThread]: Running with dbt=1.9.0
[0m09:52:57.514914 [debug] [MainThread]: running dbt with arguments {'printer_width': '80', 'indirect_selection': 'eager', 'write_json': 'True', 'log_cache_events': 'False', 'partial_parse': 'True', 'cache_selected_only': 'False', 'warn_error': 'None', 'debug': 'False', 'version_check': 'True', 'log_path': 'logs', 'profiles_dir': 'C:\\Users\\domin\\.dbt', 'fail_fast': 'False', 'use_colors': 'True', 'use_experimental_parser': 'False', 'no_print': 'None', 'quiet': 'False', 'empty': 'None', 'log_format': 'default', 'introspect': 'True', 'invocation_command': 'dbt init pipeline', 'static_parser': 'True', 'target_path': 'None', 'warn_error_options': 'WarnErrorOptions(include=[], exclude=[])', 'send_anonymous_usage_stats': 'True'}
[0m09:52:57.579288 [debug] [MainThread]: Starter project path: C:\Users\domin\AppData\Local\Programs\Python\Python39\lib\site-packages\dbt\include\starter_project
[0m09:52:57.657982 [info ] [MainThread]: 
Your new dbt project "pipeline" was created!

For more information on how to configure the profiles.yml file,
please consult the dbt documentation here:

  https://docs.getdbt.com/docs/configure-your-profile

One more thing:

Need help? Don't hesitate to reach out to us via GitHub issues or on Slack:

  https://community.getdbt.com/

Happy modeling!

[0m09:52:57.661903 [info ] [MainThread]: Setting up your profile.
[0m09:53:03.530755 [debug] [MainThread]: Command `dbt init` succeeded at 09:53:03.529731 after 6.18 seconds
[0m09:53:03.530755 [debug] [MainThread]: Sending event: {'category': 'dbt', 'action': 'invocation', 'label': 'end', 'context': [<snowplow_tracker.self_describing_json.SelfDescribingJson object at 0x000001994D3583A0>, <snowplow_tracker.self_describing_json.SelfDescribingJson object at 0x000001994EFAE550>, <snowplow_tracker.self_describing_json.SelfDescribingJson object at 0x000001994E6E1D90>]}
[0m09:53:03.531717 [debug] [MainThread]: Flushing usage events
[0m09:53:04.660185 [debug] [MainThread]: An error was encountered while trying to flush usage events
[0m09:57:13.906113 [debug] [MainThread]: Sending event: {'category': 'dbt', 'action': 'invocation', 'label': 'start', 'context': [<snowplow_tracker.self_describing_json.SelfDescribingJson object at 0x000002E9EF688400>, <snowplow_tracker.self_describing_json.SelfDescribingJson object at 0x000002E9F0A63790>, <snowplow_tracker.self_describing_json.SelfDescribingJson object at 0x000002E9F15F6D30>]}


============================== 09:57:13.911043 | 54c47822-aeeb-4376-9b9d-5675c31e42c0 ==============================
[0m09:57:13.911043 [info ] [MainThread]: Running with dbt=1.9.0
[0m09:57:13.912024 [debug] [MainThread]: running dbt with arguments {'printer_width': '80', 'indirect_selection': 'eager', 'write_json': 'True', 'log_cache_events': 'False', 'partial_parse': 'True', 'cache_selected_only': 'False', 'profiles_dir': 'C:\\Users\\domin\\.dbt', 'debug': 'False', 'version_check': 'True', 'log_path': 'logs', 'warn_error': 'None', 'fail_fast': 'False', 'use_colors': 'True', 'use_experimental_parser': 'False', 'no_print': 'None', 'quiet': 'False', 'empty': 'None', 'warn_error_options': 'WarnErrorOptions(include=[], exclude=[])', 'invocation_command': 'dbt debug', 'static_parser': 'True', 'introspect': 'True', 'target_path': 'None', 'log_format': 'default', 'send_anonymous_usage_stats': 'True'}
[0m09:57:13.937070 [info ] [MainThread]: dbt version: 1.9.0
[0m09:57:13.938028 [info ] [MainThread]: python version: 3.9.12
[0m09:57:13.939029 [info ] [MainThread]: python path: C:\Users\domin\AppData\Local\Programs\Python\Python39\python.exe
[0m09:57:13.940028 [info ] [MainThread]: os info: Windows-10-10.0.19045-SP0
[0m09:57:17.434909 [debug] [MainThread]: Spark adapter: Setting pyhive.hive logging to ERROR
[0m09:57:17.436002 [debug] [MainThread]: Spark adapter: Setting thrift.transport logging to ERROR
[0m09:57:17.436890 [debug] [MainThread]: Spark adapter: Setting thrift.protocol logging to ERROR
[0m09:57:17.595972 [info ] [MainThread]: Using profiles dir at C:\Users\domin\.dbt
[0m09:57:17.596937 [info ] [MainThread]: Using profiles.yml file at C:\Users\domin\.dbt\profiles.yml
[0m09:57:17.597946 [info ] [MainThread]: Using dbt_project.yml file at F:\KLTN\data-lakehouse\src\dbt_project.yml
[0m09:57:17.597946 [error] [MainThread]: Encountered an error:
Internal Error
  Profile should not be None if loading profile completed
[0m09:57:17.600939 [debug] [MainThread]: Command `dbt debug` failed at 09:57:17.599952 after 3.81 seconds
[0m09:57:17.601470 [debug] [MainThread]: Sending event: {'category': 'dbt', 'action': 'invocation', 'label': 'end', 'context': [<snowplow_tracker.self_describing_json.SelfDescribingJson object at 0x000002E9EF688400>, <snowplow_tracker.self_describing_json.SelfDescribingJson object at 0x000002E9F0A63790>, <snowplow_tracker.self_describing_json.SelfDescribingJson object at 0x000002E9F185F400>]}
[0m09:57:17.601992 [debug] [MainThread]: Flushing usage events
[0m09:57:18.729655 [debug] [MainThread]: An error was encountered while trying to flush usage events
