[0m09:30:23.131946 [debug] [MainThread]: Sending event: {'category': 'dbt', 'action': 'invocation', 'label': 'start', 'context': [<snowplow_tracker.self_describing_json.SelfDescribingJson object at 0x000002273B796880>, <snowplow_tracker.self_describing_json.SelfDescribingJson object at 0x000002273D70B4F0>, <snowplow_tracker.self_describing_json.SelfDescribingJson object at 0x000002273D70B2E0>]}


============================== 09:30:23.137955 | 59fc7409-ce87-4d07-a5bb-a00f34df597c ==============================
[0m09:30:23.137955 [info ] [MainThread]: Running with dbt=1.9.0
[0m09:30:23.138958 [debug] [MainThread]: running dbt with arguments {'printer_width': '80', 'indirect_selection': 'eager', 'log_cache_events': 'False', 'write_json': 'True', 'partial_parse': 'True', 'cache_selected_only': 'False', 'profiles_dir': 'C:\\Users\\domin\\.dbt', 'fail_fast': 'False', 'warn_error': 'None', 'log_path': 'logs', 'debug': 'False', 'version_check': 'True', 'use_colors': 'True', 'use_experimental_parser': 'False', 'no_print': 'None', 'quiet': 'False', 'empty': 'False', 'warn_error_options': 'WarnErrorOptions(include=[], exclude=[])', 'static_parser': 'True', 'log_format': 'default', 'invocation_command': 'dbt run --select stg_clickstream --full-refresh', 'target_path': 'None', 'introspect': 'True', 'send_anonymous_usage_stats': 'True'}
[0m09:30:23.139955 [error] [MainThread]: Encountered an error:
Runtime Error
  No dbt_project.yml found at expected path F:\KLTN\data-lakehouse\dbt_project.yml
  Verify that each entry within packages.yml (and their transitive dependencies) contains a file named dbt_project.yml
  
[0m09:30:23.141955 [debug] [MainThread]: Command `dbt run` failed at 09:30:23.141016 after 0.13 seconds
[0m09:30:23.142567 [debug] [MainThread]: Sending event: {'category': 'dbt', 'action': 'invocation', 'label': 'end', 'context': [<snowplow_tracker.self_describing_json.SelfDescribingJson object at 0x000002273B796880>, <snowplow_tracker.self_describing_json.SelfDescribingJson object at 0x000002273D70B3A0>, <snowplow_tracker.self_describing_json.SelfDescribingJson object at 0x000002273D70B5B0>]}
[0m09:30:23.142955 [debug] [MainThread]: Flushing usage events
[0m09:30:24.199990 [debug] [MainThread]: An error was encountered while trying to flush usage events
[0m13:48:37.425478 [debug] [MainThread]: Sending event: {'category': 'dbt', 'action': 'invocation', 'label': 'start', 'context': [<snowplow_tracker.self_describing_json.SelfDescribingJson object at 0x00000121E91A77F0>, <snowplow_tracker.self_describing_json.SelfDescribingJson object at 0x00000121EB10EB80>, <snowplow_tracker.self_describing_json.SelfDescribingJson object at 0x00000121EB10ED90>]}


============================== 13:48:37.432474 | 9667bd79-138c-481b-ba68-99171949aa3e ==============================
[0m13:48:37.432474 [info ] [MainThread]: Running with dbt=1.9.0
[0m13:48:37.433474 [debug] [MainThread]: running dbt with arguments {'printer_width': '80', 'indirect_selection': 'eager', 'write_json': 'True', 'log_cache_events': 'False', 'partial_parse': 'True', 'cache_selected_only': 'False', 'warn_error': 'None', 'version_check': 'True', 'fail_fast': 'False', 'log_path': 'logs', 'debug': 'False', 'profiles_dir': 'C:\\Users\\domin\\.dbt', 'use_colors': 'True', 'use_experimental_parser': 'False', 'empty': 'None', 'quiet': 'False', 'no_print': 'None', 'warn_error_options': 'WarnErrorOptions(include=[], exclude=[])', 'invocation_command': 'dbt debug --profile analytics', 'log_format': 'default', 'introspect': 'True', 'target_path': 'None', 'static_parser': 'True', 'send_anonymous_usage_stats': 'True'}
[0m13:48:37.474166 [info ] [MainThread]: dbt version: 1.9.0
[0m13:48:37.475193 [info ] [MainThread]: python version: 3.9.12
[0m13:48:37.477168 [info ] [MainThread]: python path: C:\Users\domin\AppData\Local\Programs\Python\Python39\python.exe
[0m13:48:37.478247 [info ] [MainThread]: os info: Windows-10-10.0.19045-SP0
[0m13:48:37.633012 [info ] [MainThread]: Using profiles dir at C:\Users\domin\.dbt
[0m13:48:37.635006 [info ] [MainThread]: Using profiles.yml file at C:\Users\domin\.dbt\profiles.yml
[0m13:48:37.636000 [info ] [MainThread]: Using dbt_project.yml file at F:\KLTN\data-lakehouse\dbt_project.yml
[0m13:48:37.637999 [info ] [MainThread]: adapter type: trino
[0m13:48:37.639339 [info ] [MainThread]: adapter version: 1.9.0
[0m13:48:37.641300 [info ] [MainThread]: Configuration:
[0m13:48:37.642298 [info ] [MainThread]:   profiles.yml file [[32mOK found and valid[0m]
[0m13:48:37.644299 [info ] [MainThread]:   dbt_project.yml file [[31mERROR not found[0m]
[0m13:48:37.645297 [info ] [MainThread]: Required dependencies:
[0m13:48:37.646297 [debug] [MainThread]: Executing "git --help"
[0m13:48:37.707336 [debug] [MainThread]: STDOUT: "b"usage: git [-v | --version] [-h | --help] [-C <path>] [-c <name>=<value>]\n           [--exec-path[=<path>]] [--html-path] [--man-path] [--info-path]\n           [-p | --paginate | -P | --no-pager] [--no-replace-objects] [--no-lazy-fetch]\n           [--no-optional-locks] [--no-advice] [--bare] [--git-dir=<path>]\n           [--work-tree=<path>] [--namespace=<name>] [--config-env=<name>=<envvar>]\n           <command> [<args>]\n\nThese are common Git commands used in various situations:\n\nstart a working area (see also: git help tutorial)\n   clone     Clone a repository into a new directory\n   init      Create an empty Git repository or reinitialize an existing one\n\nwork on the current change (see also: git help everyday)\n   add       Add file contents to the index\n   mv        Move or rename a file, a directory, or a symlink\n   restore   Restore working tree files\n   rm        Remove files from the working tree and from the index\n\nexamine the history and state (see also: git help revisions)\n   bisect    Use binary search to find the commit that introduced a bug\n   diff      Show changes between commits, commit and working tree, etc\n   grep      Print lines matching a pattern\n   log       Show commit logs\n   show      Show various types of objects\n   status    Show the working tree status\n\ngrow, mark and tweak your common history\n   branch    List, create, or delete branches\n   commit    Record changes to the repository\n   merge     Join two or more development histories together\n   rebase    Reapply commits on top of another base tip\n   reset     Reset current HEAD to the specified state\n   switch    Switch branches\n   tag       Create, list, delete or verify a tag object signed with GPG\n\ncollaborate (see also: git help workflows)\n   fetch     Download objects and refs from another repository\n   pull      Fetch from and integrate with another repository or a local branch\n   push      Update remote refs along with associated objects\n\n'git help -a' and 'git help -g' list available subcommands and some\nconcept guides. See 'git help <command>' or 'git help <concept>'\nto read about a specific subcommand or concept.\nSee 'git help git' for an overview of the system.\n""
[0m13:48:37.708345 [debug] [MainThread]: STDERR: "b''"
[0m13:48:37.709346 [info ] [MainThread]:  - git [[32mOK found[0m]

[0m13:48:37.710345 [info ] [MainThread]: Connection:
[0m13:48:37.711344 [info ] [MainThread]:   host: trino
[0m13:48:37.712344 [info ] [MainThread]:   port: 8060
[0m13:48:37.713344 [info ] [MainThread]:   user: admin
[0m13:48:37.714346 [info ] [MainThread]:   database: analytics
[0m13:48:37.715348 [info ] [MainThread]:   schema: gold
[0m13:48:37.716346 [info ] [MainThread]:   cert: None
[0m13:48:37.719018 [info ] [MainThread]:   prepared_statements_enabled: True
[0m13:48:37.721010 [info ] [MainThread]: Registered adapter: trino=1.9.0
[0m13:48:38.261367 [debug] [MainThread]: Acquiring new trino connection 'debug'
[0m13:48:38.415154 [debug] [MainThread]: Using trino connection "debug"
[0m13:48:38.417148 [debug] [MainThread]: On debug: select 1 as id
[0m13:48:38.421318 [debug] [MainThread]: Opening a new connection, currently in state init
[0m13:48:38.423240 [warn ] [MainThread]: [[33mWARNING[0m]: SSL certificate validation is disabled by default. It is legacy behavior which will be changed in future releases. It is strongly advised to enable `require_certificate_validation` flag or explicitly set `cert` configuration to `True` for security reasons. You may receive an error after that if your SSL setup is incorrect.
You may opt into the new behavior sooner by setting `flags.require_certificate_validation` to `True` in `dbt_project.yml`.
Visit https://docs.getdbt.com/reference/global-configs/behavior-changes for more information.
[0m13:48:38.427246 [debug] [MainThread]: Sending event: {'category': 'dbt', 'action': 'BehaviorChangeEvent', 'label': '9667bd79-138c-481b-ba68-99171949aa3e', 'context': [<snowplow_tracker.self_describing_json.SelfDescribingJson object at 0x00000121EB2CEF40>]}
[0m13:48:38.635778 [debug] [MainThread]: SQL status: SUCCESS in 0.214 seconds
[0m13:48:38.639629 [debug] [MainThread]: On debug: Close
[0m13:48:38.641297 [info ] [MainThread]:   Connection test: [[32mOK connection ok[0m]

[0m13:48:38.644274 [info ] [MainThread]: [31m1 check failed:[0m
[0m13:48:38.646556 [info ] [MainThread]: Project loading failed for the following reason:
 project path <F:\KLTN\data-lakehouse\dbt_project.yml> not found

[0m13:48:38.652615 [debug] [MainThread]: Command `dbt debug` failed at 13:48:38.652167 after 1.37 seconds
[0m13:48:38.655115 [debug] [MainThread]: Connection 'debug' was properly closed.
[0m13:48:38.656112 [debug] [MainThread]: Sending event: {'category': 'dbt', 'action': 'invocation', 'label': 'end', 'context': [<snowplow_tracker.self_describing_json.SelfDescribingJson object at 0x00000121E91A77F0>, <snowplow_tracker.self_describing_json.SelfDescribingJson object at 0x00000121EB0EA3A0>, <snowplow_tracker.self_describing_json.SelfDescribingJson object at 0x00000121E84B8F10>]}
[0m13:48:38.658113 [debug] [MainThread]: Flushing usage events
[0m13:48:39.749220 [debug] [MainThread]: An error was encountered while trying to flush usage events
